// Jest Snapshot v1, https://goo.gl/fbAQLP

exports[
  `<Empty /> should render the empty message without go back button by default 1`
] = `
.c0 {
  margin: 3.2rem;
  display: -webkit-box;
  display: -webkit-flex;
  display: -ms-flexbox;
  display: flex;
  -webkit-flex-direction: column;
  -ms-flex-direction: column;
  flex-direction: column;
  -webkit-align-items: center;
  -webkit-box-align: center;
  -ms-flex-align: center;
  align-items: center;
  color: #ffffff;
}

.c1 {
  font-size: 2.8rem;
}

.c2 {
  font-size: 2.0rem;
  margin-top: 3.2rem;
  margin-bottom: 2.4rem;
}

.c3 {
  width: 100%;
  max-width: 50rem;
  margin-top: 3.2rem;
}

<div
  class="c0"
>
  <h3
    class="c1"
  >
    Oops!
  </h3>
  <p
    class="c2"
  >
    Looks like this character doesn't exist... Mhmm, try again!
  </p>
  <img
    alt="Rick Sanchez not found image"
    class="c3"
    src="/img/404.png"
  />
</div>
`
