// Jest Snapshot v1, https://goo.gl/fbAQLP

exports[
  `<CharacterCard /> should render the character card as div by default 1`
] = `
.c0 {
  display: -webkit-box;
  display: -webkit-flex;
  display: -ms-flexbox;
  display: flex;
  -webkit-flex-direction: column;
  -ms-flex-direction: column;
  flex-direction: column;
  -webkit-box-pack: end;
  -webkit-justify-content: flex-end;
  -ms-flex-pack: end;
  justify-content: flex-end;
  overflow: hidden;
  background-image: url(https://rickandmortyapi.com/api/character/avatar/1.jpeg);
  background-size: cover;
  border-radius: 0.8rem;
  box-shadow: 0px 0px 0px 0.2rem #606060;
  border: 0;
  -webkit-backdrop-filter: blur(0);
  backdrop-filter: blur(0);
  -webkit-transition: 0.1s cubic-bezier(0.4,0,0.2,1);
  transition: 0.1s cubic-bezier(0.4,0,0.2,1);
  height: 18.7rem;
  width: 18.7rem;
  background-position: center -3rem;
}

.c3 {
  font-size: 2.0rem;
}

.c5 {
  font-size: 1.2rem;
  line-height: 1;
}

.c1 {
  padding: 0.8rem 1.4rem;
  background-color: #1B1B1B;
  color: #ffffff;
  width: 100%;
  text-align: left;
  background: rgba(0,0,0,0.7);
  -webkit-backdrop-filter: blur(2rem);
  backdrop-filter: blur(2rem);
}

.c1 .c2,
.c1 .c4 {
  text-overflow: ellipsis;
  white-space: nowrap;
  overflow: hidden;
}

<div
  aria-label="Rick Sanchez card"
  class="c0"
>
  <div
    aria-label="Rick Sanchez's stripe with informations"
    class="c1"
  >
    <h3
      class="c2 c3"
    >
      Rick Sanchez
    </h3>
    <p
      class="c4 c5"
    >
      Human
    </p>
  </div>
</div>
`
