// Jest Snapshot v1, https://goo.gl/fbAQLP

exports[`<Input /> should render the input 1`] = `
.c0 {
  background: transparent;
  outline: none;
  border: 2px solid #ffffff;
  border-radius: 0.8rem;
  -webkit-transition: box-shadow 0.3s cubic-bezier(0.4,0,0.2,1);
  transition: box-shadow 0.3s cubic-bezier(0.4,0,0.2,1);
}

.c0:focus-within {
  box-shadow: 0 0 0 0.3rem #cbd736;
}

.c1 {
  border: none;
  outline: none;
  background: transparent;
  width: 100%;
  padding: 0.8rem calc(1.6rem - 0.2rem);
  font-size: 1.6rem;
  font-weight: 700;
  color: #ffffff;
}

.c1.c1::-webkit-input-placeholder {
  color: #D3D3D3;
}

.c1.c1::-moz-placeholder {
  color: #D3D3D3;
}

.c1.c1:-ms-input-placeholder {
  color: #D3D3D3;
}

.c1.c1::placeholder {
  color: #D3D3D3;
}

<div
  class="c0"
>
  <input
    class="c1"
    placeholder="Input placeholder"
  />
</div>
`
